// Jest Snapshot v1, https://goo.gl/fbAQLP

exports[`should render StackDetailPage correctly 1`] = `
<div
  className="page"
>
  <div
    className="container"
  >
    <div
      className="row mt-5 mb-3"
    >
      <div
        className="col-12"
      >
        <h2
          className="display-4"
        >
          Application
           Stack
        </h2>
        <div
          className="lead"
        >
          Select any technology to view additional detail.
        </div>
      </div>
    </div>
    <div
      className="row mb-3"
    >
      <div
        className="col-12 col-md-6 mb-3 mb-md-0"
      >
        <h3>
          Technologies
        </h3>
        <ul
          className="list-unstyled mb-4"
        >
          <li
            key="adbe711c-9698-41f7-bf86-ae3e41ba49eb"
          >
            <Link
              className="text-decoration-none"
              to="/stacks/application/technologies/adbe711c-9698-41f7-bf86-ae3e41ba49eb"
            >
              React
            </Link>
          </li>
          <li
            key="0360ff87-0f87-411e-8231-797806583067"
          >
            <Link
              className="text-decoration-none"
              to="/stacks/application/technologies/0360ff87-0f87-411e-8231-797806583067"
            >
              Redux
            </Link>
          </li>
          <li
            key="805356dc-f453-4842-89c8-7d763310c5a3"
          >
            <Link
              className="text-decoration-none"
              to="/stacks/application/technologies/805356dc-f453-4842-89c8-7d763310c5a3"
            >
              React Router
            </Link>
          </li>
          <li
            key="4b5b3180-2169-4d80-a22c-1ca4248cb049"
          >
            <Link
              className="text-decoration-none"
              to="/stacks/application/technologies/4b5b3180-2169-4d80-a22c-1ca4248cb049"
            >
              Axios
            </Link>
          </li>
          <li
            key="3b5968c7-6109-428b-bc2b-62652d8c6d8d"
          >
            <Link
              className="text-decoration-none"
              to="/stacks/application/technologies/3b5968c7-6109-428b-bc2b-62652d8c6d8d"
            >
              Bootstrap
            </Link>
          </li>
          <li
            key="7d09624e-0256-4fe5-9b9f-bf76683536a1"
          >
            <Link
              className="text-decoration-none"
              to="/stacks/application/technologies/7d09624e-0256-4fe5-9b9f-bf76683536a1"
            >
              Font Awesome
            </Link>
          </li>
          <li
            key="8f2d877d-d17a-4b3c-bbc3-690f460a57e0"
          >
            <Link
              className="text-decoration-none"
              to="/stacks/application/technologies/8f2d877d-d17a-4b3c-bbc3-690f460a57e0"
            >
              Lodash
            </Link>
          </li>
          <li
            key="aa636860-0fa5-4093-9592-1cbb6b2f5c3b"
          >
            <Link
              className="text-decoration-none"
              to="/stacks/application/technologies/aa636860-0fa5-4093-9592-1cbb6b2f5c3b"
            >
              Moment
            </Link>
          </li>
          <li
            key="e7b38c23-e22d-4cc3-9626-dffce5c5bd2a"
          >
            <Link
              className="text-decoration-none"
              to="/stacks/application/technologies/e7b38c23-e22d-4cc3-9626-dffce5c5bd2a"
            >
              Numeral
            </Link>
          </li>
          <li
            key="d142466a-e461-474b-9aac-3490a37906d8"
          >
            <Link
              className="text-decoration-none"
              to="/stacks/application/technologies/d142466a-e461-474b-9aac-3490a37906d8"
            >
              Webpack
            </Link>
          </li>
          <li
            key="7671e7af-7dc6-4d22-ba65-6a21778d2beb"
          >
            <Link
              className="text-decoration-none"
              to="/stacks/application/technologies/7671e7af-7dc6-4d22-ba65-6a21778d2beb"
            >
              Babel
            </Link>
          </li>
          <li
            key="126d771c-b606-4c10-866b-4385e44b15d3"
          >
            <Link
              className="text-decoration-none"
              to="/stacks/application/technologies/126d771c-b606-4c10-866b-4385e44b15d3"
            >
              Node.js
            </Link>
          </li>
          <li
            key="079dd1b7-f5b1-4c32-a0af-c7ea65e94976"
          >
            <Link
              className="text-decoration-none"
              to="/stacks/application/technologies/079dd1b7-f5b1-4c32-a0af-c7ea65e94976"
            >
              NPM
            </Link>
          </li>
          <li
            key="6cab5852-7750-4af3-b5dc-59220f2ca03e"
          >
            <Link
              className="text-decoration-none"
              to="/stacks/application/technologies/6cab5852-7750-4af3-b5dc-59220f2ca03e"
            >
              Yarn
            </Link>
          </li>
          <li
            key="8218cb49-7830-4d88-8df5-4c1ad4d4df4f"
          >
            <Link
              className="text-decoration-none"
              to="/stacks/application/technologies/8218cb49-7830-4d88-8df5-4c1ad4d4df4f"
            >
              Jest
            </Link>
          </li>
          <li
            key="f62dd51f-ceae-4051-bbf1-931161ee54fc"
          >
            <Link
              className="text-decoration-none"
              to="/stacks/application/technologies/f62dd51f-ceae-4051-bbf1-931161ee54fc"
            >
              Enzyme
            </Link>
          </li>
          <li
            key="878a061d-2605-4839-ba44-8b2eced0e982"
          >
            <Link
              className="text-decoration-none"
              to="/stacks/application/technologies/878a061d-2605-4839-ba44-8b2eced0e982"
            >
              Redux Mock Store
            </Link>
          </li>
        </ul>
        <div>
          <Link
            className="text-decoration-none"
            to="/stacks"
          >
            <i
              className="fas fa-caret-left"
            />
            Â Back
          </Link>
        </div>
      </div>
    </div>
  </div>
</div>
`;
