// Jest Snapshot v1, https://goo.gl/fbAQLP

exports[`should render Stack correctly 1`] = `
<div>
  <h3>
     Stack
  </h3>
  <ul
    className="list-unstyled"
  >
    <li
      key="adbe711c-9698-41f7-bf86-ae3e41ba49eb"
    >
      React
    </li>
    <li
      key="0360ff87-0f87-411e-8231-797806583067"
    >
      Redux
    </li>
    <li
      key="805356dc-f453-4842-89c8-7d763310c5a3"
    >
      React Router
    </li>
    <li
      key="4b5b3180-2169-4d80-a22c-1ca4248cb049"
    >
      Axios
    </li>
    <li
      key="3b5968c7-6109-428b-bc2b-62652d8c6d8d"
    >
      Bootstrap
    </li>
    <li
      key="7d09624e-0256-4fe5-9b9f-bf76683536a1"
    >
      Font Awesome
    </li>
    <li
      key="8f2d877d-d17a-4b3c-bbc3-690f460a57e0"
    >
      Lodash
    </li>
    <li
      key="aa636860-0fa5-4093-9592-1cbb6b2f5c3b"
    >
      Moment
    </li>
    <li
      key="e7b38c23-e22d-4cc3-9626-dffce5c5bd2a"
    >
      Numeral
    </li>
    <li
      key="d142466a-e461-474b-9aac-3490a37906d8"
    >
      Webpack
    </li>
    <li
      key="7671e7af-7dc6-4d22-ba65-6a21778d2beb"
    >
      Babel
    </li>
    <li
      key="126d771c-b606-4c10-866b-4385e44b15d3"
    >
      Node.js
    </li>
    <li
      key="079dd1b7-f5b1-4c32-a0af-c7ea65e94976"
    >
      NPM
    </li>
    <li
      key="6cab5852-7750-4af3-b5dc-59220f2ca03e"
    >
      Yarn
    </li>
    <li
      key="8218cb49-7830-4d88-8df5-4c1ad4d4df4f"
    >
      Jest
    </li>
    <li
      key="f62dd51f-ceae-4051-bbf1-931161ee54fc"
    >
      Enzyme
    </li>
    <li
      key="878a061d-2605-4839-ba44-8b2eced0e982"
    >
      Redux Mock Store
    </li>
  </ul>
  <Link
    className="text-decoration-none"
    to="/stacks/application"
  >
    Learn MoreÂ 
    <i
      className="fas fa-caret-right"
    />
  </Link>
</div>
`;
