// Jest Snapshot v1, https://goo.gl/fbAQLP

exports[`should render Technology correctly 1`] = `
<div
  className="row"
>
  <div
    className="col"
  >
    <h4>
      React
    </h4>
    <div>
      <span
        className="fw-bold"
      >
        Version:
      </span>
       
      16.2.0
    </div>
    <div>
      <span
        className="fw-bold"
      >
        License:
      </span>
       
      MIT
      <a
        className="text-decoration-none"
        href="https://spdx.org/licenses/MIT.html"
        target="_blank"
        title="MIT"
      >
         
        <i
          className="fas fa-external-link-alt"
        />
      </a>
    </div>
    <div
      className="lead mt-3"
    >
      React is a structural framework for dynamic web apps.
    </div>
    <div
      className="text-right mt-3"
    >
      <a
        className="text-decoration-none"
        href="https://reactjs.org/"
        target="_blank"
        title="React"
      >
        Go to website 
        <i
          className="fas fa-external-link-alt"
        />
      </a>
    </div>
  </div>
</div>
`;
